--------------------------------------------------------------------------------
Release 14.7 Trace  (nt64)
Copyright (c) 1995-2013 Xilinx, Inc.  All rights reserved.

C:\Xilinx\14.7\ISE_DS\ISE\bin\nt64\unwrapped\trce.exe -intstyle ise -v 3 -s 1
-n 3 -fastpaths -xml ALU.twx ALU.ncd -o ALU.twr ALU.pcf

Design file:              ALU.ncd
Physical constraint file: ALU.pcf
Device,package,speed:     xc7a100t,csg324,C,-1 (PRODUCTION 1.10 2013-10-13)
Report level:             verbose report

Environment Variable      Effect 
--------------------      ------ 
NONE                      No environment variables were set
--------------------------------------------------------------------------------

INFO:Timing:2698 - No timing constraints found, doing default enumeration.
INFO:Timing:3412 - To improve timing, see the Timing Closure User Guide (UG612).
INFO:Timing:2752 - To get complete path coverage, use the unconstrained paths 
   option. All paths that are not constrained will be reported in the 
   unconstrained paths section(s) of the report.
INFO:Timing:3339 - The clock-to-out numbers in this timing report are based on 
   a 50 Ohm transmission line loading model.  For the details of this model, 
   and for more information on accounting for different loading conditions, 
   please see the device datasheet.



Data Sheet report:
-----------------
All values displayed in nanoseconds (ns)

Setup/Hold to clock clk
------------+------------+------------+------------+------------+------------------+--------+
            |Max Setup to|  Process   |Max Hold to |  Process   |                  | Clock  |
Source      | clk (edge) |   Corner   | clk (edge) |   Corner   |Internal Clock(s) | Phase  |
------------+------------+------------+------------+------------+------------------+--------+
clr         |    1.394(R)|      FAST  |    1.399(R)|      SLOW  |clk_BUFGP         |   0.000|
funct<0>    |    7.952(R)|      SLOW  |    0.484(R)|      FAST  |clk_BUFGP         |   0.000|
funct<1>    |    7.993(R)|      SLOW  |    0.412(R)|      FAST  |clk_BUFGP         |   0.000|
funct<2>    |    8.408(R)|      SLOW  |    0.534(R)|      FAST  |clk_BUFGP         |   0.000|
funct<3>    |    2.917(R)|      SLOW  |    0.560(R)|      FAST  |clk_BUFGP         |   0.000|
funct<4>    |    3.078(R)|      SLOW  |    0.516(R)|      FAST  |clk_BUFGP         |   0.000|
funct<5>    |    3.138(R)|      SLOW  |    0.491(R)|      FAST  |clk_BUFGP         |   0.000|
op1<0>      |    8.536(R)|      SLOW  |   -0.822(R)|      FAST  |clk_BUFGP         |   0.000|
op1<1>      |    9.043(R)|      SLOW  |   -0.913(R)|      FAST  |clk_BUFGP         |   0.000|
op1<2>      |    9.373(R)|      SLOW  |   -1.085(R)|      FAST  |clk_BUFGP         |   0.000|
op1<3>      |    8.565(R)|      SLOW  |   -0.816(R)|      FAST  |clk_BUFGP         |   0.000|
op1<4>      |   10.210(R)|      SLOW  |   -1.313(R)|      FAST  |clk_BUFGP         |   0.000|
op1<5>      |    9.079(R)|      SLOW  |   -0.939(R)|      FAST  |clk_BUFGP         |   0.000|
op1<6>      |    8.074(R)|      SLOW  |   -0.845(R)|      FAST  |clk_BUFGP         |   0.000|
op1<7>      |    9.514(R)|      SLOW  |   -1.226(R)|      FAST  |clk_BUFGP         |   0.000|
op1<8>      |    8.887(R)|      SLOW  |   -1.001(R)|      FAST  |clk_BUFGP         |   0.000|
op1<9>      |    9.146(R)|      SLOW  |   -0.433(R)|      FAST  |clk_BUFGP         |   0.000|
op1<10>     |    9.633(R)|      SLOW  |   -1.238(R)|      FAST  |clk_BUFGP         |   0.000|
op1<11>     |    9.879(R)|      SLOW  |   -1.219(R)|      FAST  |clk_BUFGP         |   0.000|
op1<12>     |    8.500(R)|      SLOW  |   -0.807(R)|      FAST  |clk_BUFGP         |   0.000|
op1<13>     |    9.188(R)|      SLOW  |   -1.119(R)|      FAST  |clk_BUFGP         |   0.000|
op1<14>     |    9.328(R)|      SLOW  |   -1.158(R)|      FAST  |clk_BUFGP         |   0.000|
op1<15>     |    9.365(R)|      SLOW  |   -1.008(R)|      FAST  |clk_BUFGP         |   0.000|
op1<16>     |    9.743(R)|      SLOW  |   -1.115(R)|      FAST  |clk_BUFGP         |   0.000|
op1<17>     |    8.026(R)|      SLOW  |   -0.585(R)|      FAST  |clk_BUFGP         |   0.000|
op1<18>     |    8.102(R)|      SLOW  |   -0.651(R)|      FAST  |clk_BUFGP         |   0.000|
op1<19>     |   10.721(R)|      SLOW  |   -0.762(R)|      FAST  |clk_BUFGP         |   0.000|
op1<20>     |   10.021(R)|      SLOW  |   -1.264(R)|      FAST  |clk_BUFGP         |   0.000|
op1<21>     |   10.331(R)|      SLOW  |   -1.289(R)|      FAST  |clk_BUFGP         |   0.000|
op1<22>     |   10.292(R)|      SLOW  |   -1.187(R)|      FAST  |clk_BUFGP         |   0.000|
op1<23>     |    9.147(R)|      SLOW  |   -1.070(R)|      FAST  |clk_BUFGP         |   0.000|
op1<24>     |    9.820(R)|      SLOW  |   -1.066(R)|      FAST  |clk_BUFGP         |   0.000|
op1<25>     |    9.886(R)|      SLOW  |   -1.385(R)|      FAST  |clk_BUFGP         |   0.000|
op1<26>     |   10.253(R)|      SLOW  |   -1.344(R)|      FAST  |clk_BUFGP         |   0.000|
op1<27>     |    9.063(R)|      SLOW  |   -0.962(R)|      FAST  |clk_BUFGP         |   0.000|
op1<28>     |    8.410(R)|      SLOW  |   -0.879(R)|      FAST  |clk_BUFGP         |   0.000|
op1<29>     |    9.063(R)|      SLOW  |   -1.285(R)|      FAST  |clk_BUFGP         |   0.000|
op1<30>     |    9.855(R)|      SLOW  |   -0.998(R)|      FAST  |clk_BUFGP         |   0.000|
op1<31>     |    7.991(R)|      SLOW  |   -0.834(R)|      FAST  |clk_BUFGP         |   0.000|
op2<0>      |   11.296(R)|      SLOW  |   -0.894(R)|      FAST  |clk_BUFGP         |   0.000|
op2<1>      |   10.998(R)|      SLOW  |   -1.051(R)|      FAST  |clk_BUFGP         |   0.000|
op2<2>      |   11.222(R)|      SLOW  |   -1.013(R)|      FAST  |clk_BUFGP         |   0.000|
op2<3>      |   12.019(R)|      SLOW  |   -0.842(R)|      FAST  |clk_BUFGP         |   0.000|
op2<4>      |   10.829(R)|      SLOW  |   -0.626(R)|      FAST  |clk_BUFGP         |   0.000|
op2<5>      |    7.825(R)|      SLOW  |   -0.770(R)|      FAST  |clk_BUFGP         |   0.000|
op2<6>      |    8.428(R)|      SLOW  |   -0.757(R)|      FAST  |clk_BUFGP         |   0.000|
op2<7>      |    8.368(R)|      SLOW  |   -0.521(R)|      FAST  |clk_BUFGP         |   0.000|
op2<8>      |    8.757(R)|      SLOW  |   -0.363(R)|      FAST  |clk_BUFGP         |   0.000|
op2<9>      |    8.579(R)|      SLOW  |   -0.405(R)|      FAST  |clk_BUFGP         |   0.000|
op2<10>     |    8.513(R)|      SLOW  |   -0.532(R)|      FAST  |clk_BUFGP         |   0.000|
op2<11>     |    8.152(R)|      SLOW  |   -0.645(R)|      FAST  |clk_BUFGP         |   0.000|
op2<12>     |    8.432(R)|      SLOW  |   -0.541(R)|      FAST  |clk_BUFGP         |   0.000|
op2<13>     |    7.733(R)|      SLOW  |   -0.549(R)|      FAST  |clk_BUFGP         |   0.000|
op2<14>     |    7.944(R)|      SLOW  |   -0.664(R)|      FAST  |clk_BUFGP         |   0.000|
op2<15>     |    8.109(R)|      SLOW  |   -0.576(R)|      FAST  |clk_BUFGP         |   0.000|
op2<16>     |    8.543(R)|      SLOW  |   -0.900(R)|      FAST  |clk_BUFGP         |   0.000|
op2<17>     |    8.065(R)|      SLOW  |   -0.574(R)|      FAST  |clk_BUFGP         |   0.000|
op2<18>     |    8.674(R)|      SLOW  |   -0.753(R)|      FAST  |clk_BUFGP         |   0.000|
op2<19>     |    8.393(R)|      SLOW  |   -0.511(R)|      FAST  |clk_BUFGP         |   0.000|
op2<20>     |    7.872(R)|      SLOW  |   -0.819(R)|      FAST  |clk_BUFGP         |   0.000|
op2<21>     |    7.953(R)|      SLOW  |   -0.639(R)|      FAST  |clk_BUFGP         |   0.000|
op2<22>     |    8.628(R)|      SLOW  |   -0.882(R)|      FAST  |clk_BUFGP         |   0.000|
op2<23>     |    7.913(R)|      SLOW  |   -0.616(R)|      FAST  |clk_BUFGP         |   0.000|
op2<24>     |    8.243(R)|      SLOW  |   -0.831(R)|      FAST  |clk_BUFGP         |   0.000|
op2<25>     |    7.873(R)|      SLOW  |   -0.664(R)|      FAST  |clk_BUFGP         |   0.000|
op2<26>     |    8.643(R)|      SLOW  |   -0.770(R)|      FAST  |clk_BUFGP         |   0.000|
op2<27>     |    8.817(R)|      SLOW  |   -0.668(R)|      FAST  |clk_BUFGP         |   0.000|
op2<28>     |    8.832(R)|      SLOW  |   -0.614(R)|      FAST  |clk_BUFGP         |   0.000|
op2<29>     |    8.098(R)|      SLOW  |   -0.768(R)|      FAST  |clk_BUFGP         |   0.000|
op2<30>     |    8.132(R)|      SLOW  |   -0.598(R)|      FAST  |clk_BUFGP         |   0.000|
op2<31>     |    7.166(R)|      SLOW  |   -0.005(R)|      SLOW  |clk_BUFGP         |   0.000|
opcode<0>   |    8.487(R)|      SLOW  |    0.307(R)|      FAST  |clk_BUFGP         |   0.000|
opcode<1>   |    8.473(R)|      SLOW  |    0.624(R)|      SLOW  |clk_BUFGP         |   0.000|
opcode<2>   |    8.732(R)|      SLOW  |    0.740(R)|      SLOW  |clk_BUFGP         |   0.000|
opcode<3>   |    8.044(R)|      SLOW  |    0.572(R)|      FAST  |clk_BUFGP         |   0.000|
opcode<4>   |    7.778(R)|      SLOW  |   -0.340(R)|      FAST  |clk_BUFGP         |   0.000|
opcode<5>   |    7.494(R)|      SLOW  |   -0.197(R)|      FAST  |clk_BUFGP         |   0.000|
------------+------------+------------+------------+------------+------------------+--------+

Clock clk to Pad
------------+-----------------+------------+-----------------+------------+------------------+--------+
            |Max (slowest) clk|  Process   |Min (fastest) clk|  Process   |                  | Clock  |
Destination |  (edge) to PAD  |   Corner   |  (edge) to PAD  |   Corner   |Internal Clock(s) | Phase  |
------------+-----------------+------------+-----------------+------------+------------------+--------+
alu_out<0>  |         8.099(R)|      SLOW  |         2.875(R)|      FAST  |clk_BUFGP         |   0.000|
alu_out<1>  |         8.118(R)|      SLOW  |         2.900(R)|      FAST  |clk_BUFGP         |   0.000|
alu_out<2>  |         8.116(R)|      SLOW  |         2.898(R)|      FAST  |clk_BUFGP         |   0.000|
alu_out<3>  |         8.133(R)|      SLOW  |         2.915(R)|      FAST  |clk_BUFGP         |   0.000|
alu_out<4>  |         8.139(R)|      SLOW  |         2.922(R)|      FAST  |clk_BUFGP         |   0.000|
alu_out<5>  |         8.107(R)|      SLOW  |         2.890(R)|      FAST  |clk_BUFGP         |   0.000|
alu_out<6>  |         8.110(R)|      SLOW  |         2.892(R)|      FAST  |clk_BUFGP         |   0.000|
alu_out<7>  |         8.131(R)|      SLOW  |         2.912(R)|      FAST  |clk_BUFGP         |   0.000|
alu_out<8>  |         8.126(R)|      SLOW  |         2.908(R)|      FAST  |clk_BUFGP         |   0.000|
alu_out<9>  |         8.080(R)|      SLOW  |         2.855(R)|      FAST  |clk_BUFGP         |   0.000|
alu_out<10> |         7.905(R)|      SLOW  |         2.783(R)|      FAST  |clk_BUFGP         |   0.000|
alu_out<11> |         7.932(R)|      SLOW  |         2.809(R)|      FAST  |clk_BUFGP         |   0.000|
alu_out<12> |         7.916(R)|      SLOW  |         2.794(R)|      FAST  |clk_BUFGP         |   0.000|
alu_out<13> |         7.938(R)|      SLOW  |         2.815(R)|      FAST  |clk_BUFGP         |   0.000|
alu_out<14> |         7.923(R)|      SLOW  |         2.801(R)|      FAST  |clk_BUFGP         |   0.000|
alu_out<15> |         7.915(R)|      SLOW  |         2.794(R)|      FAST  |clk_BUFGP         |   0.000|
alu_out<16> |         7.923(R)|      SLOW  |         2.801(R)|      FAST  |clk_BUFGP         |   0.000|
alu_out<17> |         7.935(R)|      SLOW  |         2.816(R)|      FAST  |clk_BUFGP         |   0.000|
alu_out<18> |         7.919(R)|      SLOW  |         2.799(R)|      FAST  |clk_BUFGP         |   0.000|
alu_out<19> |         7.939(R)|      SLOW  |         2.821(R)|      FAST  |clk_BUFGP         |   0.000|
alu_out<20> |         7.938(R)|      SLOW  |         2.816(R)|      FAST  |clk_BUFGP         |   0.000|
alu_out<21> |         7.936(R)|      SLOW  |         2.817(R)|      FAST  |clk_BUFGP         |   0.000|
alu_out<22> |         7.914(R)|      SLOW  |         2.799(R)|      FAST  |clk_BUFGP         |   0.000|
alu_out<23> |         7.920(R)|      SLOW  |         2.804(R)|      FAST  |clk_BUFGP         |   0.000|
alu_out<24> |         7.913(R)|      SLOW  |         2.790(R)|      FAST  |clk_BUFGP         |   0.000|
alu_out<25> |         7.926(R)|      SLOW  |         2.803(R)|      FAST  |clk_BUFGP         |   0.000|
alu_out<26> |         7.936(R)|      SLOW  |         2.817(R)|      FAST  |clk_BUFGP         |   0.000|
alu_out<27> |         7.894(R)|      SLOW  |         2.779(R)|      FAST  |clk_BUFGP         |   0.000|
alu_out<28> |         7.939(R)|      SLOW  |         2.817(R)|      FAST  |clk_BUFGP         |   0.000|
alu_out<29> |         7.935(R)|      SLOW  |         2.812(R)|      FAST  |clk_BUFGP         |   0.000|
alu_out<30> |         7.914(R)|      SLOW  |         2.793(R)|      FAST  |clk_BUFGP         |   0.000|
alu_out<31> |         7.916(R)|      SLOW  |         2.796(R)|      FAST  |clk_BUFGP         |   0.000|
------------+-----------------+------------+-----------------+------------+------------------+--------+


Analysis completed Fri Dec 02 14:34:10 2016 
--------------------------------------------------------------------------------

Trace Settings:
-------------------------
Trace Settings 

Peak Memory Usage: 675 MB



